==29863== Memcheck, a memory error detector
==29863== Copyright (C) 2002-2015, and GNU GPL'd, by Julian Seward et al.
==29863== Using Valgrind-3.11.0 and LibVEX; rerun with -h for copyright info
==29863== Command: data_dump -p -H -i 1,20-21 --logfields message -x config/nocalibration.xml data/testdata_20161121_00.dat
==29863== 
parsing: config/nocalibration.xml
Message not continuous across adjacent samples.
Message not continuous across adjacent samples.
Exception: EOFException: data/testdata_20161121_00.dat: open: EOF
==29863== 
==29863== HEAP SUMMARY:
==29863==     in use at exit: 2,222 bytes in 22 blocks
==29863==   total heap usage: 16,439 allocs, 16,417 frees, 2,084,771 bytes allocated
==29863== 
==29863== LEAK SUMMARY:
==29863==    definitely lost: 0 bytes in 0 blocks
==29863==    indirectly lost: 0 bytes in 0 blocks
==29863==      possibly lost: 0 bytes in 0 blocks
==29863==    still reachable: 2,222 bytes in 22 blocks
==29863==         suppressed: 0 bytes in 0 blocks
==29863== Reachable blocks (those to which a pointer was found) are not shown.
==29863== To see them, rerun with: --leak-check=full --show-leak-kinds=all
==29863== 
==29863== For counts of detected and suppressed errors, rerun with: -v
==29863== ERROR SUMMARY: 0 errors from 0 contexts (suppressed: 0 from 0)
