2013 09 27 07:00:00.000 GMT -0.179 3209.2 1.3 0 0 
2013 09 30 19:35:00.000 GMT nan 
2013 10 07 16:40:00.000 GMT -0.179 3209.2 1.3 0 0 
2013 10 08 01:30:00.000 GMT nan 
2013 10 08 15:30:00.000 GMT -0.179 3209.2 1.3 0 0 
2013 10 08 19:24:00.000 GMT nan 
2013 10 08 19:27:00.000 GMT -0.179 3209.2 1.3 0 0 
2013 10 08 19:40:00.000 GMT nan 
2013 10 08 20:10:00.000 GMT -0.179 3209.2 1.3 0 0 
2013 10 08 20:45:00.000 GMT nan 
2013 10 08 20:53:00.000 GMT -0.179 3209.2 1.3 0 0 
2013 10 08 21:15:00.000 GMT nan 
2013 10 08 21:19:00.000 GMT -0.179 3209.2 1.3 0 0 
2013 10 09 01:00:00.000 GMT nan 
2013 10 11 18:05:00.000 GMT -0.164 3694.5 1.3 0 0 
2013 10 12 02:45:00.000 GMT nan 
2013 10 12 16:45:00.000 GMT -0.164 3694.5 1.3 0 0 
2013 10 13 02:10:00.000 GMT nan 
2013 10 13 16:45:00.000 GMT -0.164 3694.5 1.3 0 0 
2013 10 13 18:50:00.000 GMT nan 
2013 10 13 18:55:00.000 GMT -0.164 3694.5 1.3 0 0 
2013 10 13 18:59:00.000 GMT nan 
2013 10 13 19:16:00.000 GMT -0.164 3694.5 1.3 0 0 
2013 10 13 19:20:00.000 GMT nan 
2013 10 13 19:38:00.000 GMT -0.164 3694.5 1.3 0 0 
2013 10 13 21:10:00.000 GMT nan 
2013 10 14 19:15:00.000 GMT -0.164 3694.5 1.3 0 0 
2013 10 19 22:50:00.000 GMT nan 
2013 10 19 22:55:00.000 GMT -0.164 3694.5 1.3 0 0 
2013 10 22 01:05:00.000 GMT nan 
2013 10 22 01:10:00.000 GMT -0.164 3694.5 1.3 0 0 
2013 10 23 17:40:00.000 GMT nan 
2013 10 23 17:45:00.000 GMT -0.164 3694.5 1.3 0 0 
2013 10 24 17:16:00.000 GMT nan 
2013 10 24 17:17:00.000 GMT -0.164 3694.5 1.3 0 0 
2013 10 24 22:00:00.000 GMT nan 
2013 10 24 22:05:00.000 GMT -0.164 3694.5 1.3 0 0 
2013 10 24 22:21:00.000 GMT nan 
2013 10 24 22:23:00.000 GMT -0.164 3694.5 1.3 0 0 
2013 10 25 04:10:00.000 GMT nan 
2013 10 26 04:00:00.000 GMT -0.164 3694.5 1.3 0 0 
2013 10 26 21:40:00.000 GMT nan 
2013 10 26 21:50:00.000 GMT -0.164 3694.5 1.3 0 0 
2013 10 28 23:30:00.000 GMT nan 
2013 10 29 00:15:00.000 GMT -0.164 3694.5 1.3 0 0 
2013 10 29 15:40:00.000 GMT nan 
2013 10 30 00:30:00.000 GMT -0.164 3694.5 1.3 0 0 
2013 10 30 17:30:00.000 GMT nan 
2013 10 31 15:15:00.000 GMT -0.164 3694.5 1.3 0 0 
